------------------------------------------------------------
TimeQuest Timing Analyzer Summary
------------------------------------------------------------

Type  : Slow 1200mV 85C Model Setup 'clk'
Slack : -3.747
TNS   : -868.235

Type  : Slow 1200mV 85C Model Hold 'clk'
Slack : 0.345
TNS   : 0.000

Type  : Slow 1200mV 85C Model Recovery 'clk'
Slack : -0.297
TNS   : -0.891

Type  : Slow 1200mV 85C Model Removal 'clk'
Slack : 0.873
TNS   : 0.000

Type  : Slow 1200mV 85C Model Minimum Pulse Width 'clk'
Slack : -3.000
TNS   : -308.000

Type  : Slow 1200mV 0C Model Setup 'clk'
Slack : -3.240
TNS   : -754.293

Type  : Slow 1200mV 0C Model Hold 'clk'
Slack : 0.300
TNS   : 0.000

Type  : Slow 1200mV 0C Model Recovery 'clk'
Slack : -0.154
TNS   : -0.462

Type  : Slow 1200mV 0C Model Removal 'clk'
Slack : 0.788
TNS   : 0.000

Type  : Slow 1200mV 0C Model Minimum Pulse Width 'clk'
Slack : -3.000
TNS   : -308.000

Type  : Fast 1200mV 0C Model Setup 'clk'
Slack : -1.654
TNS   : -366.415

Type  : Fast 1200mV 0C Model Hold 'clk'
Slack : 0.180
TNS   : 0.000

Type  : Fast 1200mV 0C Model Recovery 'clk'
Slack : 0.260
TNS   : 0.000

Type  : Fast 1200mV 0C Model Removal 'clk'
Slack : 0.478
TNS   : 0.000

Type  : Fast 1200mV 0C Model Minimum Pulse Width 'clk'
Slack : -3.000
TNS   : -327.633

------------------------------------------------------------
